31.207.44.60 - - [07/Feb/2018:19:46:59 +0400] "GET /node/add/question HTTP/1.1" 200 5923 "http://online.sarinform.ru/" "Mozilla/5.0 (Macintosh; Intel Mac OS X 10_12_6) AppleWebKit/603.3.8 (KHTML, like Gecko) Version/10.1.2 Safari/603.3.8"
31.207.44.60 - - [07/Feb/2018:19:47:02 +0400] "GET /?q=node/add HTTP/1.1" 200 7471 "http://online.sarinform.ru/node/add/question" "Mozilla/5.0 (Macintosh; Intel Mac OS X 10_12_6) AppleWebKit/603.3.8 (KHTML, like Gecko) Version/10.1.2 Safari/603.3.8"
31.207.44.60 - - [07/Feb/2018:19:47:02 +0400] "GET /node/add/question?online=153079 HTTP/1.1" 200 5932 "http://online.sarinform.ru/" "Mozilla/5.0 (Macintosh; Intel Mac OS X 10_12_6) AppleWebKit/603.3.8 (KHTML, like Gecko) Version/10.1.2 Safari/603.3.8"
31.207.44.60 - - [07/Feb/2018:19:47:03 +0400] "GET /?q=node/add HTTP/1.1" 200 7471 "http://online.sarinform.ru/node/add/question?online=153079" "Mozilla/5.0 (Macintosh; Intel Mac OS X 10_12_6) AppleWebKit/603.3.8 (KHTML, like Gecko) Version/10.1.2 Safari/603.3.8"
31.207.44.60 - - [07/Feb/2018:19:47:03 +0400] "GET /node/add/question HTTP/1.1" 200 5925 "http://online.sarinform.ru/" "Mozilla/5.0 (Macintosh; Intel Mac OS X 10_12_6) AppleWebKit/603.3.8 (KHTML, like Gecko) Version/10.1.2 Safari/603.3.8"
206.217.130.146 - - [07/Feb/2018:19:47:08 +0400] "GET /question/152978 HTTP/1.1" 403 248 "http://online.sarinform.ru/" "Mozilla/5.0 (Windows NT 6.1; Win64; x64) AppleWebKit/537.36 (KHTML, like Gecko) Chrome/63.0.3239.108 Safari/537.36"
206.217.130.146 - - [07/Feb/2018:19:47:08 +0400] "GET / HTTP/1.1" 403 237 "http://online.sarinform.ru" "Mozilla/5.0 (Windows NT 6.1; Win64; x64) AppleWebKit/537.36 (KHTML, like Gecko) Chrome/63.0.3239.108 Safari/537.36"
206.217.130.146 - - [07/Feb/2018:19:47:08 +0400] "GET /?q=user HTTP/1.1" 403 237 "http://online.sarinform.ru" "Mozilla/5.0 (Windows NT 6.1; Win64; x64) AppleWebKit/537.36 (KHTML, like Gecko) Chrome/63.0.3239.108 Safari/537.36"
178.159.37.126 - - [07/Feb/2018:19:47:15 +0400] "GET /question/150535 HTTP/1.1" 200 7767 "http://online.sarinform.ru/" "Mozilla/5.0 (Macintosh; Intel Mac OS X 10_10_5) AppleWebKit/537.36 (KHTML, like Gecko) Chrome/63.0.3239.84 Safari/537.36"
178.159.37.126 - - [07/Feb/2018:19:47:16 +0400] "GET /?q=node/add HTTP/1.1" 200 7471 "http://online.sarinform.ru/" "Mozilla/5.0 (Macintosh; Intel Mac OS X 10_10_5) AppleWebKit/537.36 (KHTML, like Gecko) Chrome/63.0.3239.84 Safari/537.36"
178.159.37.126 - - [07/Feb/2018:19:47:16 +0400] "GET /node/add/question HTTP/1.1" 200 5923 "http://online.sarinform.ru/" "Mozilla/5.0 (Macintosh; Intel Mac OS X 10_10_5) AppleWebKit/537.36 (KHTML, like Gecko) Chrome/63.0.3239.84 Safari/537.36"
178.159.37.126 - - [07/Feb/2018:19:47:17 +0400] "POST /node/add/question HTTP/1.1" 302 20 "http://online.sarinform.ru/node/add/question" "Mozilla/5.0 (Macintosh; Intel Mac OS X 10_10_5) AppleWebKit/537.36 (KHTML, like Gecko) Chrome/63.0.3239.84 Safari/537.36"
178.159.37.126 - - [07/Feb/2018:19:47:18 +0400] "GET /question/153222 HTTP/1.1" 200 7832 "http://online.sarinform.ru/node/add/question" "Mozilla/5.0 (Macintosh; Intel Mac OS X 10_10_5) AppleWebKit/537.36 (KHTML, like Gecko) Chrome/63.0.3239.84 Safari/537.36"
178.159.37.126 - - [07/Feb/2018:19:47:18 +0400] "GET /question/153222 HTTP/1.1" 200 7791 "-" "Mozilla/5.0 (Macintosh; Intel Mac OS X 10_10_5) AppleWebKit/537.36 (KHTML, like Gecko) Chrome/63.0.3239.84 Safari/537.36"
178.159.37.126 - - [07/Feb/2018:19:47:18 +0400] "GET /?q=user HTTP/1.1" 200 7855 "http://online.sarinform.ru/" "Mozilla/5.0 (Macintosh; Intel Mac OS X 10_10_5) AppleWebKit/537.36 (KHTML, like Gecko) Chrome/63.0.3239.84 Safari/537.36"
104.247.144.155 - - [07/Feb/2018:19:47:22 +0400] "GET /question/150385 HTTP/1.1" 403 247 "http://online.sarinform.ru/" "Mozilla/5.0 (Windows NT 5.1; rv:52.0) Gecko/20100101 Firefox/52.0"
104.247.144.155 - - [07/Feb/2018:19:47:22 +0400] "GET / HTTP/1.1" 403 237 "http://online.sarinform.ru" "Mozilla/5.0 (Windows NT 5.1; rv:52.0) Gecko/20100101 Firefox/52.0"
104.247.144.155 - - [07/Feb/2018:19:47:22 +0400] "GET /?q=user HTTP/1.1" 403 237 "http://online.sarinform.ru" "Mozilla/5.0 (Windows NT 5.1; rv:52.0) Gecko/20100101 Firefox/52.0"
107.152.145.212 - - [07/Feb/2018:19:47:25 +0400] "GET /question/151584 HTTP/1.0" 403 247 "http://online.sarinform.ru/" "Mozilla/5.0 (Macintosh; Intel Mac OS X 10_13_2) AppleWebKit/537.36 (KHTML, like Gecko) Chrome/63.0.3239.84 Safari/537.36"
107.152.145.212 - - [07/Feb/2018:19:47:26 +0400] "GET / HTTP/1.1" 403 237 "http://online.sarinform.ru" "Mozilla/5.0 (Macintosh; Intel Mac OS X 10_13_2) AppleWebKit/537.36 (KHTML, like Gecko) Chrome/63.0.3239.84 Safari/537.36"
107.152.145.212 - - [07/Feb/2018:19:47:26 +0400] "GET /?q=node/add HTTP/1.1" 403 237 "http://online.sarinform.ru" "Mozilla/5.0 (Macintosh; Intel Mac OS X 10_13_2) AppleWebKit/537.36 (KHTML, like Gecko) Chrome/63.0.3239.84 Safari/537.36"
107.152.145.212 - - [07/Feb/2018:19:47:26 +0400] "GET /?q=user/register HTTP/1.1" 403 237 "http://online.sarinform.ru/?q=node/add" "Mozilla/5.0 (Macintosh; Intel Mac OS X 10_13_2) AppleWebKit/537.36 (KHTML, like Gecko) Chrome/63.0.3239.84 Safari/537.36"
64.145.76.105 - - [07/Feb/2018:19:47:28 +0400] "GET /?q=node/add HTTP/1.1" 200 7471 "http://online.sarinform.ru/" "Mozilla/5.0 (Windows NT 6.3; Win64; x64) AppleWebKit/537.36 (KHTML, like Gecko) Chrome/63.0.3239.132 Safari/537.36"
64.145.76.105 - - [07/Feb/2018:19:47:28 +0400] "GET /?q=user HTTP/1.1" 200 7855 "http://online.sarinform.ru/" "Mozilla/5.0 (Windows NT 6.3; Win64; x64) AppleWebKit/537.36 (KHTML, like Gecko) Chrome/63.0.3239.132 Safari/537.36"
64.145.76.105 - - [07/Feb/2018:19:47:29 +0400] "POST /?q=user HTTP/1.1" 200 7978 "http://online.sarinform.ru/?q=user" "Mozilla/5.0 (Windows NT 6.3; Win64; x64) AppleWebKit/537.36 (KHTML, like Gecko) Chrome/63.0.3239.132 Safari/537.36"
64.145.76.105 - - [07/Feb/2018:19:47:30 +0400] "POST /?q=user HTTP/1.1" 200 7978 "http://online.sarinform.ru/?q=user" "Mozilla/5.0 (Windows NT 6.3; Win64; x64) AppleWebKit/537.36 (KHTML, like Gecko) Chrome/63.0.3239.132 Safari/537.36"
64.145.76.105 - - [07/Feb/2018:19:47:31 +0400] "GET /?q=node/add HTTP/1.1" 200 7471 "http://online.sarinform.ru/" "Mozilla/5.0 (Windows NT 6.3; Win64; x64) AppleWebKit/537.36 (KHTML, like Gecko) Chrome/63.0.3239.132 Safari/537.36"
64.145.76.105 - - [07/Feb/2018:19:47:32 +0400] "GET /node/add/question?online=153079 HTTP/1.1" 200 5934 "http://online.sarinform.ru/?q=node/add" "Mozilla/5.0 (Windows NT 6.3; Win64; x64) AppleWebKit/537.36 (KHTML, like Gecko) Chrome/63.0.3239.132 Safari/537.36"
64.145.76.105 - - [07/Feb/2018:19:47:32 +0400] "GET /?q=user HTTP/1.1" 200 7855 "http://online.sarinform.ru/node/add/question?online=153079" "Mozilla/5.0 (Windows NT 6.3; Win64; x64) AppleWebKit/537.36 (KHTML, like Gecko) Chrome/63.0.3239.132 Safari/537.36"
64.145.76.105 - - [07/Feb/2018:19:47:33 +0400] "GET /?q=node/add HTTP/1.1" 200 7465 "http://online.sarinform.ru/" "Mozilla/5.0 (Windows NT 6.3; Win64; x64) AppleWebKit/537.36 (KHTML, like Gecko) Chrome/63.0.3239.132 Safari/537.36"
64.145.76.105 - - [07/Feb/2018:19:47:34 +0400] "GET /node/add/question?online=153079 HTTP/1.1" 200 5933 "http://online.sarinform.ru/?q=node/add" "Mozilla/5.0 (Windows NT 6.3; Win64; x64) AppleWebKit/537.36 (KHTML, like Gecko) Chrome/63.0.3239.132 Safari/537.36"
64.145.76.105 - - [07/Feb/2018:19:47:34 +0400] "GET /?q=user HTTP/1.1" 200 7850 "http://online.sarinform.ru/node/add/question?online=153079" "Mozilla/5.0 (Windows NT 6.3; Win64; x64) AppleWebKit/537.36 (KHTML, like Gecko) Chrome/63.0.3239.132 Safari/537.36"
64.145.76.105 - - [07/Feb/2018:19:47:35 +0400] "GET /?q=node/add HTTP/1.1" 200 7471 "http://online.sarinform.ru/" "Mozilla/5.0 (Windows NT 6.3; Win64; x64) AppleWebKit/537.36 (KHTML, like Gecko) Chrome/63.0.3239.132 Safari/537.36"
64.145.76.105 - - [07/Feb/2018:19:47:35 +0400] "GET /node/add/question HTTP/1.1" 200 5926 "http://online.sarinform.ru/?q=node/add" "Mozilla/5.0 (Windows NT 6.3; Win64; x64) AppleWebKit/537.36 (KHTML, like Gecko) Chrome/63.0.3239.132 Safari/537.36"
64.145.76.105 - - [07/Feb/2018:19:47:36 +0400] "GET /?q=user HTTP/1.1" 200 7855 "http://online.sarinform.ru/node/add/question" "Mozilla/5.0 (Windows NT 6.3; Win64; x64) AppleWebKit/537.36 (KHTML, like Gecko) Chrome/63.0.3239.132 Safari/537.36"
64.145.76.105 - - [07/Feb/2018:19:47:37 +0400] "GET /?q=node/add HTTP/1.1" 200 7471 "http://online.sarinform.ru/" "Mozilla/5.0 (Windows NT 6.3; Win64; x64) AppleWebKit/537.36 (KHTML, like Gecko) Chrome/63.0.3239.132 Safari/537.36"
64.145.76.105 - - [07/Feb/2018:19:47:37 +0400] "GET /node/add/question?online=153079 HTTP/1.1" 200 5930 "http://online.sarinform.ru/?q=node/add" "Mozilla/5.0 (Windows NT 6.3; Win64; x64) AppleWebKit/537.36 (KHTML, like Gecko) Chrome/63.0.3239.132 Safari/537.36"
37.113.254.195 - - [07/Feb/2018:19:47:40 +0400] "GET /admin/content/node HTTP/1.1" 200 16721 "http://online.sarinform.ru/admin/content/node" "Mozilla/5.0 (X11; Linux x86_64) AppleWebKit/537.36 (KHTML, like Gecko) Ubuntu Chromium/64.0.3282.119 Chrome/64.0.3282.119 Safari/537.36"
45.72.12.196 - - [07/Feb/2018:19:47:43 +0400] "GET /question/151584 HTTP/1.1" 403 247 "http://online.sarinform.ru/" "Mozilla/5.0 (Windows NT 10.0; Win64; x64) AppleWebKit/537.36 (KHTML, like Gecko) Chrome/58.0.3029.110 Safari/537.36 Edge/16.16299"
45.72.12.196 - - [07/Feb/2018:19:47:43 +0400] "GET / HTTP/1.1" 403 237 "http://online.sarinform.ru" "Mozilla/5.0 (Windows NT 10.0; Win64; x64) AppleWebKit/537.36 (KHTML, like Gecko) Chrome/58.0.3029.110 Safari/537.36 Edge/16.16299"
45.72.12.196 - - [07/Feb/2018:19:47:43 +0400] "GET /?q=user HTTP/1.1" 403 237 "http://online.sarinform.ru" "Mozilla/5.0 (Windows NT 10.0; Win64; x64) AppleWebKit/537.36 (KHTML, like Gecko) Chrome/58.0.3029.110 Safari/537.36 Edge/16.16299"
178.159.37.126 - - [07/Feb/2018:19:47:47 +0400] "GET /question/150514 HTTP/1.1" 200 7774 "http://online.sarinform.ru/" "Mozilla/5.0 (Windows NT 10.0) AppleWebKit/537.36 (KHTML, like Gecko) Chrome/63.0.3239.132 Safari/537.36"
178.159.37.126 - - [07/Feb/2018:19:47:48 +0400] "GET /?q=node/add HTTP/1.1" 200 7471 "http://online.sarinform.ru/" "Mozilla/5.0 (Windows NT 10.0) AppleWebKit/537.36 (KHTML, like Gecko) Chrome/63.0.3239.132 Safari/537.36"
178.159.37.126 - - [07/Feb/2018:19:47:48 +0400] "GET /node/add/question?online=153079 HTTP/1.1" 200 5934 "http://online.sarinform.ru/" "Mozilla/5.0 (Windows NT 10.0) AppleWebKit/537.36 (KHTML, like Gecko) Chrome/63.0.3239.132 Safari/537.36"
178.159.37.126 - - [07/Feb/2018:19:47:49 +0400] "POST /node/add/question?online=153079 HTTP/1.1" 302 20 "http://online.sarinform.ru/node/add/question?online=153079" "Mozilla/5.0 (Windows NT 10.0) AppleWebKit/537.36 (KHTML, like Gecko) Chrome/63.0.3239.132 Safari/537.36"
37.113.254.195 - - [07/Feb/2018:19:47:49 +0400] "POST /admin/content/node HTTP/1.1" 200 10088 "http://online.sarinform.ru/admin/content/node" "Mozilla/5.0 (X11; Linux x86_64) AppleWebKit/537.36 (KHTML, like Gecko) Ubuntu Chromium/64.0.3282.119 Chrome/64.0.3282.119 Safari/537.36"
206.217.130.146 - - [07/Feb/2018:19:47:50 +0400] "GET /question/151587 HTTP/1.1" 403 248 "http://online.sarinform.ru/" "Mozilla/5.0 (Macintosh; Intel Mac OS X 10_10_5) AppleWebKit/537.36 (KHTML, like Gecko) Chrome/63.0.3239.132 Safari/537.36"
45.72.12.196 - - [07/Feb/2018:19:47:50 +0400] "GET /question/152682 HTTP/1.0" 403 247 "-" "Mozilla/5.0 (Windows NT 10.0; Win64; x64) AppleWebKit/537.36 (KHTML, like Gecko) Chrome/63.0.3239.132 Safari/537.36 OPR/50.0.2762.58"
206.217.130.146 - - [07/Feb/2018:19:47:50 +0400] "GET / HTTP/1.1" 403 237 "http://online.sarinform.ru" "Mozilla/5.0 (Macintosh; Intel Mac OS X 10_10_5) AppleWebKit/537.36 (KHTML, like Gecko) Chrome/63.0.3239.132 Safari/537.36"
178.159.37.126 - - [07/Feb/2018:19:47:50 +0400] "GET /question/153223 HTTP/1.1" 200 7891 "http://online.sarinform.ru/node/add/question?online=153079" "Mozilla/5.0 (Windows NT 10.0) AppleWebKit/537.36 (KHTML, like Gecko) Chrome/63.0.3239.132 Safari/537.36"
206.217.130.146 - - [07/Feb/2018:19:47:50 +0400] "GET /?q=user HTTP/1.1" 403 237 "http://online.sarinform.ru" "Mozilla/5.0 (Macintosh; Intel Mac OS X 10_10_5) AppleWebKit/537.36 (KHTML, like Gecko) Chrome/63.0.3239.132 Safari/537.36"
178.159.37.126 - - [07/Feb/2018:19:47:50 +0400] "GET /question/153223 HTTP/1.1" 200 7852 "-" "Mozilla/5.0 (Windows NT 10.0) AppleWebKit/537.36 (KHTML, like Gecko) Chrome/63.0.3239.132 Safari/537.36"
178.159.37.126 - - [07/Feb/2018:19:47:50 +0400] "GET /?q=user HTTP/1.1" 200 7855 "http://online.sarinform.ru/" "Mozilla/5.0 (Windows NT 10.0) AppleWebKit/537.36 (KHTML, like Gecko) Chrome/63.0.3239.132 Safari/537.36"
37.113.254.195 - - [07/Feb/2018:19:47:52 +0400] "POST /admin/content/node HTTP/1.1" 302 20 "http://online.sarinform.ru/admin/content/node" "Mozilla/5.0 (X11; Linux x86_64) AppleWebKit/537.36 (KHTML, like Gecko) Ubuntu Chromium/64.0.3282.119 Chrome/64.0.3282.119 Safari/537.36"
37.113.254.195 - - [07/Feb/2018:19:47:52 +0400] "GET /admin/content/node HTTP/1.1" 200 16870 "http://online.sarinform.ru/admin/content/node" "Mozilla/5.0 (X11; Linux x86_64) AppleWebKit/537.36 (KHTML, like Gecko) Ubuntu Chromium/64.0.3282.119 Chrome/64.0.3282.119 Safari/537.36"
107.152.145.212 - - [07/Feb/2018:19:47:54 +0400] "GET /question/152686 HTTP/1.0" 403 248 "http://online.sarinform.ru/" "Mozilla/5.0 (Windows NT 6.1) AppleWebKit/537.36 (KHTML, like Gecko) Chrome/63.0.3239.132 Safari/537.36"
107.152.145.212 - - [07/Feb/2018:19:47:54 +0400] "GET / HTTP/1.1" 403 237 "http://online.sarinform.ru" "Mozilla/5.0 (Windows NT 6.1) AppleWebKit/537.36 (KHTML, like Gecko) Chrome/63.0.3239.132 Safari/537.36"
107.152.145.212 - - [07/Feb/2018:19:47:54 +0400] "GET /?q=node/add HTTP/1.1" 403 237 "http://online.sarinform.ru" "Mozilla/5.0 (Windows NT 6.1) AppleWebKit/537.36 (KHTML, like Gecko) Chrome/63.0.3239.132 Safari/537.36"
107.152.145.212 - - [07/Feb/2018:19:47:54 +0400] "GET /?q=user/register HTTP/1.1" 403 237 "http://online.sarinform.ru/?q=node/add" "Mozilla/5.0 (Windows NT 6.1) AppleWebKit/537.36 (KHTML, like Gecko) Chrome/63.0.3239.132 Safari/537.36"
103.43.43.17 - - [07/Feb/2018:19:47:59 +0400] "GET /question/140966 HTTP/1.1" 200 11445 "http://online.sarinform.ru/" "Mozilla/5.0 (Windows NT 6.1; WOW64; rv:40.0) Gecko/20100101 Firefox/40.1"
37.113.254.195 - - [07/Feb/2018:19:48:06 +0400] "POST /admin/content/node HTTP/1.1" 200 9901 "http://online.sarinform.ru/admin/content/node" "Mozilla/5.0 (X11; Linux x86_64) AppleWebKit/537.36 (KHTML, like Gecko) Ubuntu Chromium/64.0.3282.119 Chrome/64.0.3282.119 Safari/537.36"
50.3.72.149 - - [07/Feb/2018:19:48:08 +0400] "GET /?q=node/add HTTP/1.0" 200 7502 "http://online.sarinform.ru/" "Mozilla/5.0 (Macintosh; Intel Mac OS X 10_12_6) AppleWebKit/537.36 (KHTML, like Gecko) Chrome/63.0.3239.108 Safari/537.36"
50.3.72.149 - - [07/Feb/2018:19:48:08 +0400] "GET / HTTP/1.1" 200 8512 "http://online.sarinform.ru/" "Mozilla/5.0 (Macintosh; Intel Mac OS X 10_12_6) AppleWebKit/537.36 (KHTML, like Gecko) Chrome/63.0.3239.108 Safari/537.36"
37.113.254.195 - - [07/Feb/2018:19:48:09 +0400] "POST /admin/content/node HTTP/1.1" 302 20 "http://online.sarinform.ru/admin/content/node" "Mozilla/5.0 (X11; Linux x86_64) AppleWebKit/537.36 (KHTML, like Gecko) Ubuntu Chromium/64.0.3282.119 Chrome/64.0.3282.119 Safari/537.36"
50.3.72.149 - - [07/Feb/2018:19:48:09 +0400] "GET /node/add/question?online=153079 HTTP/1.1" 200 5930 "http://online.sarinform.ru/" "Mozilla/5.0 (Macintosh; Intel Mac OS X 10_12_6) AppleWebKit/537.36 (KHTML, like Gecko) Chrome/63.0.3239.108 Safari/537.36"
37.113.254.195 - - [07/Feb/2018:19:48:09 +0400] "GET /admin/content/node HTTP/1.1" 200 16740 "http://online.sarinform.ru/admin/content/node" "Mozilla/5.0 (X11; Linux x86_64) AppleWebKit/537.36 (KHTML, like Gecko) Ubuntu Chromium/64.0.3282.119 Chrome/64.0.3282.119 Safari/537.36"
50.3.72.149 - - [07/Feb/2018:19:48:10 +0400] "POST /node/add/question?online=153079 HTTP/1.1" 200 6361 "http://online.sarinform.ru/node/add/question?online=153079" "Mozilla/5.0 (Macintosh; Intel Mac OS X 10_12_6) AppleWebKit/537.36 (KHTML, like Gecko) Chrome/63.0.3239.108 Safari/537.36"
78.46.91.86 - - [07/Feb/2018:19:48:11 +0400] "GET /node/add/question?online=153079 HTTP/1.1" 200 5934 "-" "Mozilla/5.0 (Macintosh; Intel Mac OS X 10_12_6) AppleWebKit/537.36 (KHTML, like Gecko) Chrome/63.0.3239.108 Safari/537.36"
50.3.72.149 - - [07/Feb/2018:19:48:11 +0400] "GET /?q=user HTTP/1.1" 200 7888 "http://online.sarinform.ru/" "Mozilla/5.0 (Macintosh; Intel Mac OS X 10_12_6) AppleWebKit/537.36 (KHTML, like Gecko) Chrome/63.0.3239.108 Safari/537.36"
167.114.44.40 - - [07/Feb/2018:19:48:12 +0400] "GET /question/142120 HTTP/1.1" 200 10155 "http://online.sarinform.ru/" "Mozilla/5.0 (Macintosh; Intel Mac OS X 10_10_5) AppleWebKit/537.36 (KHTML, like Gecko) Chrome/58.0.3029.110 Safari/537.36"
206.217.130.146 - - [07/Feb/2018:19:48:18 +0400] "GET /question/152914 HTTP/1.1" 403 247 "http://online.sarinform.ru/" "Mozilla/5.0 (Windows NT 6.1; Win64; x64) AppleWebKit/537.36 (KHTML, like Gecko) Chrome/63.0.3239.108 Safari/537.36"
206.217.130.146 - - [07/Feb/2018:19:48:18 +0400] "GET / HTTP/1.1" 403 237 "http://online.sarinform.ru" "Mozilla/5.0 (Windows NT 6.1; Win64; x64) AppleWebKit/537.36 (KHTML, like Gecko) Chrome/63.0.3239.108 Safari/537.36"
206.217.130.146 - - [07/Feb/2018:19:48:18 +0400] "GET /?q=user HTTP/1.1" 403 237 "http://online.sarinform.ru" "Mozilla/5.0 (Windows NT 6.1; Win64; x64) AppleWebKit/537.36 (KHTML, like Gecko) Chrome/63.0.3239.108 Safari/537.36"
107.174.151.50 - - [07/Feb/2018:19:48:20 +0400] "GET /?q=node/add HTTP/1.1" 403 237 "http://online.sarinform.ru/" "Mozilla/5.0 (X11; Linux x86_64) AppleWebKit/537.36 (KHTML, like Gecko) Chrome/62.0.3202.94 Safari/537.36"
107.174.151.50 - - [07/Feb/2018:19:48:21 +0400] "GET / HTTP/1.1" 403 237 "http://online.sarinform.ru" "Mozilla/5.0 (X11; Linux x86_64) AppleWebKit/537.36 (KHTML, like Gecko) Chrome/62.0.3202.94 Safari/537.36"
107.174.151.50 - - [07/Feb/2018:19:48:21 +0400] "GET /?q=user HTTP/1.1" 403 237 "http://online.sarinform.ru" "Mozilla/5.0 (X11; Linux x86_64) AppleWebKit/537.36 (KHTML, like Gecko) Chrome/62.0.3202.94 Safari/537.36"
191.101.69.136 - - [07/Feb/2018:19:48:33 +0400] "GET /?q=node/add HTTP/1.0" 200 7452 "http://online.sarinform.ru/" "Mozilla/5.0 (Macintosh; Intel Mac OS X 10_12_6) AppleWebKit/603.3.8 (KHTML, like Gecko) Version/10.1.2 Safari/603.3.8"
191.101.69.136 - - [07/Feb/2018:19:48:33 +0400] "GET / HTTP/1.1" 200 8475 "http://online.sarinform.ru/" "Mozilla/5.0 (Macintosh; Intel Mac OS X 10_12_6) AppleWebKit/603.3.8 (KHTML, like Gecko) Version/10.1.2 Safari/603.3.8"
191.101.69.136 - - [07/Feb/2018:19:48:33 +0400] "GET /node/add/question?online=153079 HTTP/1.1" 200 5933 "http://online.sarinform.ru/" "Mozilla/5.0 (Macintosh; Intel Mac OS X 10_12_6) AppleWebKit/603.3.8 (KHTML, like Gecko) Version/10.1.2 Safari/603.3.8"
45.72.0.251 - - [07/Feb/2018:19:48:35 +0400] "GET /question/152914 HTTP/1.0" 403 247 "http://online.sarinform.ru/" "Mozilla/5.0 (X11; Linux x86_64) AppleWebKit/537.36 (KHTML, like Gecko) Chrome/63.0.3239.132 Safari/537.36"
45.72.0.251 - - [07/Feb/2018:19:48:36 +0400] "GET / HTTP/1.1" 403 237 "http://online.sarinform.ru" "Mozilla/5.0 (X11; Linux x86_64) AppleWebKit/537.36 (KHTML, like Gecko) Chrome/63.0.3239.132 Safari/537.36"
45.72.0.251 - - [07/Feb/2018:19:48:36 +0400] "GET /?q=node/add HTTP/1.1" 403 237 "http://online.sarinform.ru" "Mozilla/5.0 (X11; Linux x86_64) AppleWebKit/537.36 (KHTML, like Gecko) Chrome/63.0.3239.132 Safari/537.36"
45.72.0.251 - - [07/Feb/2018:19:48:36 +0400] "GET /?q=user/register HTTP/1.1" 403 237 "http://online.sarinform.ru/?q=node/add" "Mozilla/5.0 (X11; Linux x86_64) AppleWebKit/537.36 (KHTML, like Gecko) Chrome/63.0.3239.132 Safari/537.36"
217.182.132.153 - - [07/Feb/2018:19:48:41 +0400] "GET /calendar/2016-W6?page=7&mini=calendar%2F2020-06 HTTP/1.1" 200 8895 "-" "Mozilla/5.0 (compatible; AhrefsBot/5.2; +http://ahrefs.com/robot/)"
178.159.37.126 - - [07/Feb/2018:19:48:44 +0400] "GET /question/150543 HTTP/1.1" 200 7785 "http://online.sarinform.ru/" "Mozilla/5.0 (X11; Linux x86_64; rv:58.0) Gecko/20100101 Firefox/58.0"
178.159.37.126 - - [07/Feb/2018:19:48:44 +0400] "GET /?q=node/add HTTP/1.1" 200 7471 "http://online.sarinform.ru/" "Mozilla/5.0 (X11; Linux x86_64; rv:58.0) Gecko/20100101 Firefox/58.0"
178.159.37.126 - - [07/Feb/2018:19:48:45 +0400] "GET /node/add/question?online=153079 HTTP/1.1" 200 5936 "http://online.sarinform.ru/" "Mozilla/5.0 (X11; Linux x86_64; rv:58.0) Gecko/20100101 Firefox/58.0"
178.159.37.126 - - [07/Feb/2018:19:48:46 +0400] "POST /node/add/question?online=153079 HTTP/1.1" 200 6116 "http://online.sarinform.ru/node/add/question?online=153079" "Mozilla/5.0 (X11; Linux x86_64; rv:58.0) Gecko/20100101 Firefox/58.0"
178.159.37.126 - - [07/Feb/2018:19:48:46 +0400] "GET /node/add/question?online=153079 HTTP/1.1" 200 5934 "-" "Mozilla/5.0 (X11; Linux x86_64; rv:58.0) Gecko/20100101 Firefox/58.0"
178.159.37.126 - - [07/Feb/2018:19:48:46 +0400] "GET /?q=user HTTP/1.1" 200 7859 "http://online.sarinform.ru/" "Mozilla/5.0 (X11; Linux x86_64; rv:58.0) Gecko/20100101 Firefox/58.0"
178.159.37.126 - - [07/Feb/2018:19:48:50 +0400] "GET /question/150512 HTTP/1.1" 200 7777 "http://online.sarinform.ru/" "Mozilla/5.0 (Windows NT 10.0; Win64; x64) AppleWebKit/537.36 (KHTML, like Gecko) Chrome/63.0.3239.84 Safari/537.36"
178.159.37.126 - - [07/Feb/2018:19:48:51 +0400] "GET /?q=node/add HTTP/1.1" 200 7471 "http://online.sarinform.ru/" "Mozilla/5.0 (Windows NT 10.0; Win64; x64) AppleWebKit/537.36 (KHTML, like Gecko) Chrome/63.0.3239.84 Safari/537.36"
178.159.37.126 - - [07/Feb/2018:19:48:51 +0400] "GET /node/add/question HTTP/1.1" 200 5924 "http://online.sarinform.ru/" "Mozilla/5.0 (Windows NT 10.0; Win64; x64) AppleWebKit/537.36 (KHTML, like Gecko) Chrome/63.0.3239.84 Safari/537.36"
45.72.12.196 - - [07/Feb/2018:19:48:53 +0400] "GET /question/152957 HTTP/1.0" 403 248 "http://online.sarinform.ru/" "Mozilla/5.0 (Macintosh; Intel Mac OS X 10_13_2) AppleWebKit/537.36 (KHTML, like Gecko) Chrome/63.0.3239.132 Safari/537.36"
178.159.37.126 - - [07/Feb/2018:19:48:53 +0400] "POST /node/add/question HTTP/1.1" 200 6097 "http://online.sarinform.ru/node/add/question" "Mozilla/5.0 (Windows NT 10.0; Win64; x64) AppleWebKit/537.36 (KHTML, like Gecko) Chrome/63.0.3239.84 Safari/537.36"
45.72.12.196 - - [07/Feb/2018:19:48:53 +0400] "GET / HTTP/1.1" 403 237 "http://online.sarinform.ru" "Mozilla/5.0 (Macintosh; Intel Mac OS X 10_13_2) AppleWebKit/537.36 (KHTML, like Gecko) Chrome/63.0.3239.132 Safari/537.36"
45.72.12.196 - - [07/Feb/2018:19:48:53 +0400] "GET /?q=node/add HTTP/1.1" 403 237 "http://online.sarinform.ru" "Mozilla/5.0 (Macintosh; Intel Mac OS X 10_13_2) AppleWebKit/537.36 (KHTML, like Gecko) Chrome/63.0.3239.132 Safari/537.36"
45.72.12.196 - - [07/Feb/2018:19:48:54 +0400] "GET /?q=user/register HTTP/1.1" 403 237 "http://online.sarinform.ru/?q=node/add" "Mozilla/5.0 (Macintosh; Intel Mac OS X 10_13_2) AppleWebKit/537.36 (KHTML, like Gecko) Chrome/63.0.3239.132 Safari/537.36"
178.159.37.126 - - [07/Feb/2018:19:48:54 +0400] "GET /node/add/question HTTP/1.1" 200 5921 "-" "Mozilla/5.0 (Windows NT 10.0; Win64; x64) AppleWebKit/537.36 (KHTML, like Gecko) Chrome/63.0.3239.84 Safari/537.36"
178.159.37.126 - - [07/Feb/2018:19:48:54 +0400] "GET /?q=user HTTP/1.1" 200 7853 "http://online.sarinform.ru/" "Mozilla/5.0 (Windows NT 10.0; Win64; x64) AppleWebKit/537.36 (KHTML, like Gecko) Chrome/63.0.3239.84 Safari/537.36"
191.101.73.134 - - [07/Feb/2018:19:48:58 +0400] "GET /?q=node/add HTTP/1.0" 200 7452 "http://online.sarinform.ru/node/add/question?online=153079" "Mozilla/5.0 (Macintosh; Intel Mac OS X 10_12_6) AppleWebKit/603.3.8 (KHTML, like Gecko) Version/10.1.2 Safari/603.3.8"
191.101.73.134 - - [07/Feb/2018:19:48:58 +0400] "GET / HTTP/1.1" 200 8468 "http://online.sarinform.ru/" "Mozilla/5.0 (Macintosh; Intel Mac OS X 10_12_6) AppleWebKit/603.3.8 (KHTML, like Gecko) Version/10.1.2 Safari/603.3.8"
191.101.73.134 - - [07/Feb/2018:19:48:59 +0400] "GET /node/add/question?online=153079 HTTP/1.1" 200 5933 "http://online.sarinform.ru/" "Mozilla/5.0 (Macintosh; Intel Mac OS X 10_12_6) AppleWebKit/603.3.8 (KHTML, like Gecko) Version/10.1.2 Safari/603.3.8"
31.207.44.60 - - [07/Feb/2018:19:48:59 +0400] "GET /?q=node/add HTTP/1.1" 200 7471 "http://online.sarinform.ru/" "Mozilla/5.0 (Windows NT 6.1; Win64; x64) AppleWebKit/537.36 (KHTML, like Gecko) Chrome/63.0.3239.132 Safari/537.36"
31.207.44.60 - - [07/Feb/2018:19:49:00 +0400] "GET /node/add/question?online=153079 HTTP/1.1" 200 5930 "http://online.sarinform.ru/" "Mozilla/5.0 (Windows NT 6.1; Win64; x64) AppleWebKit/537.36 (KHTML, like Gecko) Chrome/63.0.3239.132 Safari/537.36"
185.158.101.142 - - [07/Feb/2018:19:49:00 +0400] "GET /?q=node/add HTTP/1.0" 200 7452 "http://online.sarinform.ru/node/add/question?online=153079" "Mozilla/5.0 (Macintosh; Intel Mac OS X 10_12_6) AppleWebKit/603.3.8 (KHTML, like Gecko) Version/10.1.2 Safari/603.3.8"
31.207.44.60 - - [07/Feb/2018:19:49:00 +0400] "GET /?q=node/add HTTP/1.1" 200 7471 "http://online.sarinform.ru/node/add/question?online=153079" "Mozilla/5.0 (Windows NT 6.1; Win64; x64) AppleWebKit/537.36 (KHTML, like Gecko) Chrome/63.0.3239.132 Safari/537.36"
185.158.101.142 - - [07/Feb/2018:19:49:00 +0400] "GET / HTTP/1.1" 200 8475 "http://online.sarinform.ru/" "Mozilla/5.0 (Macintosh; Intel Mac OS X 10_12_6) AppleWebKit/603.3.8 (KHTML, like Gecko) Version/10.1.2 Safari/603.3.8"
185.158.101.142 - - [07/Feb/2018:19:49:01 +0400] "GET /node/add/question?online=153079 HTTP/1.1" 200 5932 "http://online.sarinform.ru/" "Mozilla/5.0 (Macintosh; Intel Mac OS X 10_12_6) AppleWebKit/603.3.8 (KHTML, like Gecko) Version/10.1.2 Safari/603.3.8"
31.207.44.60 - - [07/Feb/2018:19:49:01 +0400] "GET /node/add/question?online=153079 HTTP/1.1" 200 5930 "http://online.sarinform.ru/" "Mozilla/5.0 (Windows NT 6.1; Win64; x64) AppleWebKit/537.36 (KHTML, like Gecko) Chrome/63.0.3239.132 Safari/537.36"
31.207.44.60 - - [07/Feb/2018:19:49:01 +0400] "GET /?q=node/add HTTP/1.1" 200 7465 "http://online.sarinform.ru/node/add/question?online=153079" "Mozilla/5.0 (Windows NT 6.1; Win64; x64) AppleWebKit/537.36 (KHTML, like Gecko) Chrome/63.0.3239.132 Safari/537.36"
31.207.44.60 - - [07/Feb/2018:19:49:01 +0400] "GET /node/add/question?online=153079 HTTP/1.1" 200 5931 "http://online.sarinform.ru/" "Mozilla/5.0 (Windows NT 6.1; Win64; x64) AppleWebKit/537.36 (KHTML, like Gecko) Chrome/63.0.3239.132 Safari/537.36"
31.207.44.60 - - [07/Feb/2018:19:49:02 +0400] "GET /?q=node/add HTTP/1.1" 200 7465 "http://online.sarinform.ru/node/add/question?online=153079" "Mozilla/5.0 (Windows NT 6.1; Win64; x64) AppleWebKit/537.36 (KHTML, like Gecko) Chrome/63.0.3239.132 Safari/537.36"
31.207.44.60 - - [07/Feb/2018:19:49:02 +0400] "GET /node/add/question?online=153079 HTTP/1.1" 200 5935 "http://online.sarinform.ru/" "Mozilla/5.0 (Windows NT 6.1; Win64; x64) AppleWebKit/537.36 (KHTML, like Gecko) Chrome/63.0.3239.132 Safari/537.36"
178.159.37.126 - - [07/Feb/2018:19:49:03 +0400] "GET /question/150515 HTTP/1.1" 200 7777 "http://online.sarinform.ru/" "Mozilla/5.0 (Windows NT 6.3; Win64; x64; rv:57.0) Gecko/20100101 Firefox/57.0"
178.159.37.126 - - [07/Feb/2018:19:49:03 +0400] "GET /?q=node/add HTTP/1.1" 200 7471 "http://online.sarinform.ru/" "Mozilla/5.0 (Windows NT 6.3; Win64; x64; rv:57.0) Gecko/20100101 Firefox/57.0"
178.159.37.126 - - [07/Feb/2018:19:49:03 +0400] "GET /node/add/question?online=153079 HTTP/1.1" 200 5933 "http://online.sarinform.ru/" "Mozilla/5.0 (Windows NT 6.3; Win64; x64; rv:57.0) Gecko/20100101 Firefox/57.0"
185.158.134.129 - - [07/Feb/2018:19:49:04 +0400] "GET /?q=node/add HTTP/1.0" 200 7452 "http://online.sarinform.ru/node/add/question?online=153079" "Mozilla/5.0 (Macintosh; Intel Mac OS X 10_12_6) AppleWebKit/603.3.8 (KHTML, like Gecko) Version/10.1.2 Safari/603.3.8"
185.158.134.129 - - [07/Feb/2018:19:49:04 +0400] "GET / HTTP/1.1" 200 8475 "http://online.sarinform.ru/" "Mozilla/5.0 (Macintosh; Intel Mac OS X 10_12_6) AppleWebKit/603.3.8 (KHTML, like Gecko) Version/10.1.2 Safari/603.3.8"
185.158.134.129 - - [07/Feb/2018:19:49:04 +0400] "GET /node/add/question?online=153079 HTTP/1.1" 200 5931 "http://online.sarinform.ru/" "Mozilla/5.0 (Macintosh; Intel Mac OS X 10_12_6) AppleWebKit/603.3.8 (KHTML, like Gecko) Version/10.1.2 Safari/603.3.8"
178.159.37.126 - - [07/Feb/2018:19:49:04 +0400] "POST /node/add/question?online=153079 HTTP/1.1" 302 20 "http://online.sarinform.ru/node/add/question?online=153079" "Mozilla/5.0 (Windows NT 6.3; Win64; x64; rv:57.0) Gecko/20100101 Firefox/57.0"
178.159.37.126 - - [07/Feb/2018:19:49:05 +0400] "GET /question/153224 HTTP/1.1" 200 7875 "http://online.sarinform.ru/node/add/question?online=153079" "Mozilla/5.0 (Windows NT 6.3; Win64; x64; rv:57.0) Gecko/20100101 Firefox/57.0"
178.159.37.126 - - [07/Feb/2018:19:49:05 +0400] "GET /question/153224 HTTP/1.1" 200 7836 "-" "Mozilla/5.0 (Windows NT 6.3; Win64; x64; rv:57.0) Gecko/20100101 Firefox/57.0"
178.159.37.126 - - [07/Feb/2018:19:49:05 +0400] "GET /?q=user HTTP/1.1" 200 7859 "http://online.sarinform.ru/" "Mozilla/5.0 (Windows NT 6.3; Win64; x64; rv:57.0) Gecko/20100101 Firefox/57.0"
185.163.124.145 - - [07/Feb/2018:19:49:05 +0400] "GET /question/151605 HTTP/1.1" 200 7751 "http://online.sarinform.ru/" "Mozilla/5.0 (Windows NT 10.0; Win64; x64; rv:58.0) Gecko/20100101 Firefox/58.0"
46.161.9.36 - - [07/Feb/2018:19:49:10 +0400] "GET /?q=node/add HTTP/1.1" 200 7465 "http://online.sarinform.ru/" "Mozilla/5.0 (Windows NT 6.1; rv:52.0) Gecko/20100101 Firefox/52.0"
46.161.9.36 - - [07/Feb/2018:19:49:10 +0400] "GET /?q=user HTTP/1.1" 200 7853 "http://online.sarinform.ru/" "Mozilla/5.0 (Windows NT 6.1; rv:52.0) Gecko/20100101 Firefox/52.0"
46.161.9.36 - - [07/Feb/2018:19:49:11 +0400] "POST /?q=user HTTP/1.1" 200 7982 "http://online.sarinform.ru/?q=user" "Mozilla/5.0 (Windows NT 6.1; rv:52.0) Gecko/20100101 Firefox/52.0"
104.144.210.231 - - [07/Feb/2018:19:49:11 +0400] "GET /question/153050 HTTP/1.0" 403 247 "http://online.sarinform.ru/" "Mozilla/5.0 (Macintosh; Intel Mac OS X 10_10_5) AppleWebKit/537.36 (KHTML, like Gecko) Chrome/63.0.3239.132 Safari/537.36"
104.144.210.231 - - [07/Feb/2018:19:49:11 +0400] "GET / HTTP/1.1" 403 237 "http://online.sarinform.ru" "Mozilla/5.0 (Macintosh; Intel Mac OS X 10_10_5) AppleWebKit/537.36 (KHTML, like Gecko) Chrome/63.0.3239.132 Safari/537.36"
46.161.9.36 - - [07/Feb/2018:19:49:11 +0400] "POST /?q=user HTTP/1.1" 200 7982 "http://online.sarinform.ru/?q=user" "Mozilla/5.0 (Windows NT 6.1; rv:52.0) Gecko/20100101 Firefox/52.0"
104.144.210.231 - - [07/Feb/2018:19:49:11 +0400] "GET /?q=node/add HTTP/1.1" 403 237 "http://online.sarinform.ru" "Mozilla/5.0 (Macintosh; Intel Mac OS X 10_10_5) AppleWebKit/537.36 (KHTML, like Gecko) Chrome/63.0.3239.132 Safari/537.36"
46.161.9.36 - - [07/Feb/2018:19:49:11 +0400] "GET /?q=node/add HTTP/1.1" 200 7471 "http://online.sarinform.ru/" "Mozilla/5.0 (Windows NT 6.1; rv:52.0) Gecko/20100101 Firefox/52.0"
104.144.210.231 - - [07/Feb/2018:19:49:11 +0400] "GET /?q=user/register HTTP/1.1" 403 237 "http://online.sarinform.ru/?q=node/add" "Mozilla/5.0 (Macintosh; Intel Mac OS X 10_10_5) AppleWebKit/537.36 (KHTML, like Gecko) Chrome/63.0.3239.132 Safari/537.36"
46.161.9.36 - - [07/Feb/2018:19:49:11 +0400] "GET /node/add/question?online=153079 HTTP/1.1" 200 5934 "http://online.sarinform.ru/?q=node/add" "Mozilla/5.0 (Windows NT 6.1; rv:52.0) Gecko/20100101 Firefox/52.0"
46.161.9.36 - - [07/Feb/2018:19:49:13 +0400] "POST /node/add/question?online=153079 HTTP/1.1" 200 7290 "http://online.sarinform.ru/node/add/question?online=153079" "Mozilla/5.0 (Windows NT 6.1; rv:52.0) Gecko/20100101 Firefox/52.0"
188.165.230.165 - - [07/Feb/2018:19:49:13 +0400] "GET /comment/reply/125366/46 HTTP/1.1" 200 8382 "-" "Mozilla/5.0 (Macintosh; Intel Mac OS X 10.11; rv:57.0) Gecko/20100101 Firefox/57.0"
178.159.37.126 - - [07/Feb/2018:19:49:13 +0400] "GET /question/150507 HTTP/1.1" 200 7774 "http://online.sarinform.ru/" "Mozilla/5.0 (Windows NT 6.1; rv:57.0) Gecko/20100101 Firefox/57.0"
178.159.37.126 - - [07/Feb/2018:19:49:13 +0400] "GET /?q=node/add HTTP/1.1" 200 7465 "http://online.sarinform.ru/" "Mozilla/5.0 (Windows NT 6.1; rv:57.0) Gecko/20100101 Firefox/57.0"
46.161.9.36 - - [07/Feb/2018:19:49:13 +0400] "GET /node/add/question?online=153079 HTTP/1.1" 200 5933 "-" "Mozilla/5.0 (Windows NT 6.1; rv:52.0) Gecko/20100101 Firefox/52.0"
46.161.9.36 - - [07/Feb/2018:19:49:13 +0400] "GET /?q=user HTTP/1.1" 200 7859 "http://online.sarinform.ru/" "Mozilla/5.0 (Windows NT 6.1; rv:52.0) Gecko/20100101 Firefox/52.0"
178.159.37.126 - - [07/Feb/2018:19:49:14 +0400] "GET /node/add/question?online=153079 HTTP/1.1" 200 5934 "http://online.sarinform.ru/" "Mozilla/5.0 (Windows NT 6.1; rv:57.0) Gecko/20100101 Firefox/57.0"
178.159.37.126 - - [07/Feb/2018:19:49:15 +0400] "POST /node/add/question?online=153079 HTTP/1.1" 302 20 "http://online.sarinform.ru/node/add/question?online=153079" "Mozilla/5.0 (Windows NT 6.1; rv:57.0) Gecko/20100101 Firefox/57.0"
178.159.37.126 - - [07/Feb/2018:19:49:16 +0400] "GET /question/153225 HTTP/1.1" 200 7872 "http://online.sarinform.ru/node/add/question?online=153079" "Mozilla/5.0 (Windows NT 6.1; rv:57.0) Gecko/20100101 Firefox/57.0"
178.159.37.126 - - [07/Feb/2018:19:49:16 +0400] "GET /question/153225 HTTP/1.1" 200 7833 "-" "Mozilla/5.0 (Windows NT 6.1; rv:57.0) Gecko/20100101 Firefox/57.0"
178.159.37.126 - - [07/Feb/2018:19:49:16 +0400] "GET /?q=user HTTP/1.1" 200 7859 "http://online.sarinform.ru/" "Mozilla/5.0 (Windows NT 6.1; rv:57.0) Gecko/20100101 Firefox/57.0"
179.61.213.254 - - [07/Feb/2018:19:49:20 +0400] "GET /question/144737 HTTP/1.1" 200 8085 "http://online.sarinform.ru/" "Mozilla/5.0 (X11; Ubuntu; Linux x86_64; rv:53.0) Gecko/20100101 Firefox/53.0"
179.61.213.254 - - [07/Feb/2018:19:49:21 +0400] "GET /?q=user/register HTTP/1.1" 403 7679 "http://online.sarinform.ru/" "Mozilla/5.0 (X11; Ubuntu; Linux x86_64; rv:53.0) Gecko/20100101 Firefox/53.0"
179.61.213.254 - - [07/Feb/2018:19:49:23 +0400] "GET /news/2014/03/03/125366 HTTP/1.1" 200 13814 "http://online.sarinform.ru/" "Mozilla/5.0 (X11; Ubuntu; Linux x86_64; rv:53.0) Gecko/20100101 Firefox/53.0"
179.61.213.254 - - [07/Feb/2018:19:49:24 +0400] "GET /comment/reply/125366/57 HTTP/1.1" 200 8402 "http://online.sarinform.ru/" "Mozilla/5.0 (X11; Ubuntu; Linux x86_64; rv:53.0) Gecko/20100101 Firefox/53.0"
181.214.42.63 - - [07/Feb/2018:19:49:27 +0400] "GET /comment/reply/125366/57 HTTP/1.1" 200 8401 "http://online.sarinform.ru/" "Mozilla/5.0 (X11; Ubuntu; Linux x86_64; rv:53.0) Gecko/20100101 Firefox/53.0"
206.217.130.146 - - [07/Feb/2018:19:49:28 +0400] "GET /question/152953 HTTP/1.1" 403 248 "http://online.sarinform.ru/" "Mozilla/5.0 (Windows NT 6.1) AppleWebKit/537.36 (KHTML, like Gecko) Chrome/63.0.3239.132 Safari/537.36"
206.217.130.146 - - [07/Feb/2018:19:49:28 +0400] "GET / HTTP/1.1" 403 237 "http://online.sarinform.ru" "Mozilla/5.0 (Windows NT 6.1) AppleWebKit/537.36 (KHTML, like Gecko) Chrome/63.0.3239.132 Safari/537.36"
206.217.130.146 - - [07/Feb/2018:19:49:28 +0400] "GET /?q=user HTTP/1.1" 403 237 "http://online.sarinform.ru" "Mozilla/5.0 (Windows NT 6.1) AppleWebKit/537.36 (KHTML, like Gecko) Chrome/63.0.3239.132 Safari/537.36"
178.159.37.126 - - [07/Feb/2018:19:49:30 +0400] "GET /question/150472 HTTP/1.1" 200 7784 "http://online.sarinform.ru/" "Mozilla/5.0 (Macintosh; Intel Mac OS X 10_10_5) AppleWebKit/537.36 (KHTML, like Gecko) Chrome/63.0.3239.132 Safari/537.36"
178.159.37.126 - - [07/Feb/2018:19:49:30 +0400] "GET /?q=node/add HTTP/1.1" 200 7465 "http://online.sarinform.ru/" "Mozilla/5.0 (Macintosh; Intel Mac OS X 10_10_5) AppleWebKit/537.36 (KHTML, like Gecko) Chrome/63.0.3239.132 Safari/537.36"
178.159.37.126 - - [07/Feb/2018:19:49:30 +0400] "GET /node/add/question?online=153079 HTTP/1.1" 200 5933 "http://online.sarinform.ru/" "Mozilla/5.0 (Macintosh; Intel Mac OS X 10_10_5) AppleWebKit/537.36 (KHTML, like Gecko) Chrome/63.0.3239.132 Safari/537.36"
181.214.42.63 - - [07/Feb/2018:19:49:31 +0400] "POST /comment/reply/125366/57 HTTP/1.1" 200 8641 "http://online.sarinform.ru/comment/reply/125366/57" "Mozilla/5.0 (X11; Ubuntu; Linux x86_64; rv:53.0) Gecko/20100101 Firefox/53.0"
178.159.37.126 - - [07/Feb/2018:19:49:31 +0400] "POST /node/add/question?online=153079 HTTP/1.1" 200 6126 "http://online.sarinform.ru/node/add/question?online=153079" "Mozilla/5.0 (Macintosh; Intel Mac OS X 10_10_5) AppleWebKit/537.36 (KHTML, like Gecko) Chrome/63.0.3239.132 Safari/537.36"
178.159.37.126 - - [07/Feb/2018:19:49:32 +0400] "GET /node/add/question?online=153079 HTTP/1.1" 200 5934 "-" "Mozilla/5.0 (Macintosh; Intel Mac OS X 10_10_5) AppleWebKit/537.36 (KHTML, like Gecko) Chrome/63.0.3239.132 Safari/537.36"
178.159.37.126 - - [07/Feb/2018:19:49:32 +0400] "GET /?q=user HTTP/1.1" 200 7859 "http://online.sarinform.ru/" "Mozilla/5.0 (Macintosh; Intel Mac OS X 10_10_5) AppleWebKit/537.36 (KHTML, like Gecko) Chrome/63.0.3239.132 Safari/537.36"
181.214.42.63 - - [07/Feb/2018:19:49:32 +0400] "GET /comment/reply/125366/57 HTTP/1.1" 200 8400 "-" "Mozilla/5.0 (X11; Ubuntu; Linux x86_64; rv:53.0) Gecko/20100101 Firefox/53.0"
181.214.42.63 - - [07/Feb/2018:19:49:33 +0400] "GET /?q=user HTTP/1.1" 200 7859 "http://online.sarinform.ru/" "Mozilla/5.0 (X11; Ubuntu; Linux x86_64; rv:53.0) Gecko/20100101 Firefox/53.0"
51.255.65.17 - - [07/Feb/2018:19:49:37 +0400] "GET /calendar/2020-12?page=12&mini=calendar%2F2019-12 HTTP/1.1" 200 9054 "-" "Mozilla/5.0 (compatible; AhrefsBot/5.2; +http://ahrefs.com/robot/)"
107.152.151.34 - - [07/Feb/2018:19:49:45 +0400] "GET /question/152953 HTTP/1.0" 403 248 "http://online.sarinform.ru/" "Mozilla/5.0 (Macintosh; Intel Mac OS X 10_10_5) AppleWebKit/537.36 (KHTML, like Gecko) Chrome/63.0.3239.132 Safari/537.36"
107.152.151.34 - - [07/Feb/2018:19:49:46 +0400] "GET / HTTP/1.1" 403 237 "http://online.sarinform.ru" "Mozilla/5.0 (Macintosh; Intel Mac OS X 10_10_5) AppleWebKit/537.36 (KHTML, like Gecko) Chrome/63.0.3239.132 Safari/537.36"
107.152.151.34 - - [07/Feb/2018:19:49:46 +0400] "GET /?q=node/add HTTP/1.1" 403 237 "http://online.sarinform.ru" "Mozilla/5.0 (Macintosh; Intel Mac OS X 10_10_5) AppleWebKit/537.36 (KHTML, like Gecko) Chrome/63.0.3239.132 Safari/537.36"
107.152.151.34 - - [07/Feb/2018:19:49:46 +0400] "GET /?q=user/register HTTP/1.1" 403 237 "http://online.sarinform.ru/?q=node/add" "Mozilla/5.0 (Macintosh; Intel Mac OS X 10_10_5) AppleWebKit/537.36 (KHTML, like Gecko) Chrome/63.0.3239.132 Safari/537.36"
54.36.149.41 - - [07/Feb/2018:19:49:48 +0400] "GET /calendar/2016-05-24?page=2&mini=calendar%2F2017-01 HTTP/1.1" 200 8328 "-" "Mozilla/5.0 (compatible; AhrefsBot/5.2; +http://ahrefs.com/robot/)"
176.121.14.162 - - [07/Feb/2018:19:50:00 +0400] "GET /question/125343 HTTP/1.1" 200 8372 "-" "Mozilla/5.0 (Windows NT 4.0; WOW64) AppleWebKit/537.36 (KHTML, like Gecko) Chrome/37.0.2049.0 Safari/537.36"
104.144.83.47 - - [07/Feb/2018:19:50:03 +0400] "GET /question/152705 HTTP/1.1" 403 247 "http://online.sarinform.ru/" "Mozilla/5.0 (Macintosh; Intel Mac OS X 10_12_6) AppleWebKit/603.3.8 (KHTML, like Gecko) Version/10.1.2 Safari/603.3.8"
104.144.83.47 - - [07/Feb/2018:19:50:03 +0400] "GET / HTTP/1.1" 403 237 "http://online.sarinform.ru" "Mozilla/5.0 (Macintosh; Intel Mac OS X 10_12_6) AppleWebKit/603.3.8 (KHTML, like Gecko) Version/10.1.2 Safari/603.3.8"
104.144.83.47 - - [07/Feb/2018:19:50:03 +0400] "GET /?q=user HTTP/1.1" 403 237 "http://online.sarinform.ru" "Mozilla/5.0 (Macintosh; Intel Mac OS X 10_12_6) AppleWebKit/603.3.8 (KHTML, like Gecko) Version/10.1.2 Safari/603.3.8"
164.132.161.12 - - [07/Feb/2018:19:50:09 +0400] "GET /calendar/2016-07-19?page=11&mini=calendar%2F2020-01 HTTP/1.1" 403 252 "-" "Mozilla/5.0 (compatible; AhrefsBot/5.2; +http://ahrefs.com/robot/)"
104.144.83.47 - - [07/Feb/2018:19:50:20 +0400] "GET /question/152705 HTTP/1.0" 403 247 "http://online.sarinform.ru/" "Mozilla/5.0 (Windows NT 10.0; WOW64; Trident/7.0; rv:11.0) like Gecko"
104.144.83.47 - - [07/Feb/2018:19:50:20 +0400] "GET / HTTP/1.1" 403 237 "http://online.sarinform.ru" "Mozilla/5.0 (Windows NT 10.0; WOW64; Trident/7.0; rv:11.0) like Gecko"
104.144.83.47 - - [07/Feb/2018:19:50:20 +0400] "GET /?q=node/add HTTP/1.1" 403 237 "http://online.sarinform.ru" "Mozilla/5.0 (Windows NT 10.0; WOW64; Trident/7.0; rv:11.0) like Gecko"
104.144.83.47 - - [07/Feb/2018:19:50:21 +0400] "GET /?q=user/register HTTP/1.1" 403 237 "http://online.sarinform.ru/?q=node/add" "Mozilla/5.0 (Windows NT 10.0; WOW64; Trident/7.0; rv:11.0) like Gecko"
45.77.42.18 - - [07/Feb/2018:19:50:22 +0400] "GET /question/141582 HTTP/1.1" 403 247 "http://online.sarinform.ru/" "Mozilla/5.0 (Windows NT 10.0) AppleWebKit/537.36 (KHTML, like Gecko) Chrome/63.0.3239.132 Safari/537.36"
45.77.42.18 - - [07/Feb/2018:19:50:23 +0400] "GET / HTTP/1.1" 403 237 "http://online.sarinform.ru" "Mozilla/5.0 (Windows NT 10.0) AppleWebKit/537.36 (KHTML, like Gecko) Chrome/63.0.3239.132 Safari/537.36"
58.27.217.75 - - [07/Feb/2018:19:50:34 +0400] "GET /question/141562 HTTP/1.0" 200 9678 "http://online.sarinform.ru/" "Mozilla/5.0 (Windows NT 10.0; Win64; x64) AppleWebKit/537.36 (KHTML, like Gecko) Chrome/59.0.3071.115 Safari/537.36 OPR/46.0.2597.39"
58.27.217.75 - - [07/Feb/2018:19:50:37 +0400] "GET /?q=node/add HTTP/1.1" 200 7471 "http://online.sarinform.ru/" "Mozilla/5.0 (Windows NT 10.0; Win64; x64) AppleWebKit/537.36 (KHTML, like Gecko) Chrome/59.0.3071.115 Safari/537.36 OPR/46.0.2597.39"
58.27.217.75 - - [07/Feb/2018:19:50:42 +0400] "GET /node/add/question HTTP/1.1" 200 5922 "http://online.sarinform.ru/" "Mozilla/5.0 (Windows NT 10.0; Win64; x64) AppleWebKit/537.36 (KHTML, like Gecko) Chrome/59.0.3071.115 Safari/537.36 OPR/46.0.2597.39"
206.217.130.146 - - [07/Feb/2018:19:50:45 +0400] "GET /question/153115 HTTP/1.0" 403 247 "http://online.sarinform.ru/" "Mozilla/5.0 (X11; Linux x86_64) AppleWebKit/537.36 (KHTML, like Gecko) Chrome/62.0.3202.94 Safari/537.36"
206.217.130.146 - - [07/Feb/2018:19:50:45 +0400] "GET / HTTP/1.1" 403 237 "http://online.sarinform.ru" "Mozilla/5.0 (X11; Linux x86_64) AppleWebKit/537.36 (KHTML, like Gecko) Chrome/62.0.3202.94 Safari/537.36"
206.217.130.146 - - [07/Feb/2018:19:50:45 +0400] "GET /?q=node/add HTTP/1.1" 403 237 "http://online.sarinform.ru" "Mozilla/5.0 (X11; Linux x86_64) AppleWebKit/537.36 (KHTML, like Gecko) Chrome/62.0.3202.94 Safari/537.36"
206.217.130.146 - - [07/Feb/2018:19:50:45 +0400] "GET /?q=user/register HTTP/1.1" 403 237 "http://online.sarinform.ru/?q=node/add" "Mozilla/5.0 (X11; Linux x86_64) AppleWebKit/537.36 (KHTML, like Gecko) Chrome/62.0.3202.94 Safari/537.36"
104.144.83.47 - - [07/Feb/2018:19:51:03 +0400] "GET /question/151500 HTTP/1.1" 403 247 "http://online.sarinform.ru/" "Mozilla/5.0 (Macintosh; Intel Mac OS X 10_12_6) AppleWebKit/603.3.8 (KHTML, like Gecko) Version/10.1.2 Safari/603.3.8"
104.144.83.47 - - [07/Feb/2018:19:51:03 +0400] "GET / HTTP/1.1" 403 237 "http://online.sarinform.ru" "Mozilla/5.0 (Macintosh; Intel Mac OS X 10_12_6) AppleWebKit/603.3.8 (KHTML, like Gecko) Version/10.1.2 Safari/603.3.8"
104.144.83.47 - - [07/Feb/2018:19:51:03 +0400] "GET /?q=user HTTP/1.1" 403 237 "http://online.sarinform.ru" "Mozilla/5.0 (Macintosh; Intel Mac OS X 10_12_6) AppleWebKit/603.3.8 (KHTML, like Gecko) Version/10.1.2 Safari/603.3.8"
104.144.210.231 - - [07/Feb/2018:19:51:04 +0400] "GET /question/153106 HTTP/1.0" 403 247 "http://online.sarinform.ru/" "Mozilla/5.0 (Windows NT 6.1; WOW64; Trident/7.0; rv:11.0) like Gecko"
104.144.210.231 - - [07/Feb/2018:19:51:04 +0400] "GET / HTTP/1.1" 403 237 "http://online.sarinform.ru" "Mozilla/5.0 (Windows NT 6.1; WOW64; Trident/7.0; rv:11.0) like Gecko"
104.144.210.231 - - [07/Feb/2018:19:51:04 +0400] "GET /?q=node/add HTTP/1.1" 403 237 "http://online.sarinform.ru" "Mozilla/5.0 (Windows NT 6.1; WOW64; Trident/7.0; rv:11.0) like Gecko"
104.144.210.231 - - [07/Feb/2018:19:51:04 +0400] "GET /?q=user/register HTTP/1.1" 403 237 "http://online.sarinform.ru/?q=node/add" "Mozilla/5.0 (Windows NT 6.1; WOW64; Trident/7.0; rv:11.0) like Gecko"
206.217.130.146 - - [07/Feb/2018:19:51:21 +0400] "GET /question/152721 HTTP/1.1" 403 247 "http://online.sarinform.ru/" "Mozilla/5.0 (X11; Fedora; Linux x86_64; rv:57.0) Gecko/20100101 Firefox/57.0"
206.217.130.146 - - [07/Feb/2018:19:51:22 +0400] "GET / HTTP/1.1" 403 237 "http://online.sarinform.ru" "Mozilla/5.0 (X11; Fedora; Linux x86_64; rv:57.0) Gecko/20100101 Firefox/57.0"
206.217.130.146 - - [07/Feb/2018:19:51:22 +0400] "GET /?q=user HTTP/1.1" 403 237 "http://online.sarinform.ru" "Mozilla/5.0 (X11; Fedora; Linux x86_64; rv:57.0) Gecko/20100101 Firefox/57.0"
41.242.117.242 - - [07/Feb/2018:19:51:25 +0400] "GET /?q=user HTTP/1.0" 200 7884 "http://online.sarinform.ru/" "Mozilla/5.0 (Windows NT 10.0; Win64; x64) AppleWebKit/537.36 (KHTML, like Gecko) Chrome/59.0.3071.115 Safari/537.36 OPR/46.0.2597.39"
45.72.12.196 - - [07/Feb/2018:19:51:40 +0400] "GET /question/153100 HTTP/1.0" 403 247 "http://online.sarinform.ru/" "Mozilla/5.0 (Windows NT 10.0; WOW64; Trident/7.0; rv:11.0) like Gecko"
45.72.12.196 - - [07/Feb/2018:19:51:40 +0400] "GET / HTTP/1.1" 403 237 "http://online.sarinform.ru" "Mozilla/5.0 (Windows NT 10.0; WOW64; Trident/7.0; rv:11.0) like Gecko"
45.72.12.196 - - [07/Feb/2018:19:51:40 +0400] "GET /?q=node/add HTTP/1.1" 403 237 "http://online.sarinform.ru" "Mozilla/5.0 (Windows NT 10.0; WOW64; Trident/7.0; rv:11.0) like Gecko"
45.72.12.196 - - [07/Feb/2018:19:51:40 +0400] "GET /?q=user/register HTTP/1.1" 403 237 "http://online.sarinform.ru/?q=node/add" "Mozilla/5.0 (Windows NT 10.0; WOW64; Trident/7.0; rv:11.0) like Gecko"
82.146.42.71 - - [07/Feb/2018:19:51:51 +0400] "GET /rubriki/politika HTTP/1.1" 200 11353 "-" "Mozilla/5.0 (Windows NT 5.1) AppleWebKit/537.36 (KHTML, like Gecko) Chrome/35.0.3319.102 Safari/537.36"
216.244.66.231 - - [07/Feb/2018:19:51:56 +0400] "GET /robots.txt HTTP/1.1" 200 1510 "-" "Mozilla/5.0 (compatible; DotBot/1.1; http://www.opensiteexplorer.org/dotbot, help@moz.com)"
54.36.148.202 - - [07/Feb/2018:19:51:56 +0400] "GET /calendar/2015-W9?page=9&mini=calendar%2F2017-11 HTTP/1.1" 200 9299 "-" "Mozilla/5.0 (compatible; AhrefsBot/5.2; +http://ahrefs.com/robot/)"
206.217.130.146 - - [07/Feb/2018:19:51:57 +0400] "GET /question/152900 HTTP/1.1" 403 247 "http://online.sarinform.ru/" "Mozilla/5.0 (X11; Fedora; Linux x86_64; rv:57.0) Gecko/20100101 Firefox/57.0"
206.217.130.146 - - [07/Feb/2018:19:51:58 +0400] "GET / HTTP/1.1" 403 237 "http://online.sarinform.ru" "Mozilla/5.0 (X11; Fedora; Linux x86_64; rv:57.0) Gecko/20100101 Firefox/57.0"
206.217.130.146 - - [07/Feb/2018:19:51:58 +0400] "GET /?q=user HTTP/1.1" 403 237 "http://online.sarinform.ru" "Mozilla/5.0 (X11; Fedora; Linux x86_64; rv:57.0) Gecko/20100101 Firefox/57.0"
54.36.149.78 - - [07/Feb/2018:19:52:14 +0400] "GET /calendar/2017-11?page=10&mini=calendar%2F2014-07 HTTP/1.1" 200 8388 "-" "Mozilla/5.0 (compatible; AhrefsBot/5.2; +http://ahrefs.com/robot/)"
23.254.87.82 - - [07/Feb/2018:19:52:15 +0400] "GET /question/153081 HTTP/1.1" 403 247 "http://online.sarinform.ru/" "Mozilla/5.0 (Windows NT 10.0; WOW64; rv:56.0) Gecko/20100101 Firefox/56.0"
23.254.87.82 - - [07/Feb/2018:19:52:15 +0400] "GET / HTTP/1.1" 403 237 "http://online.sarinform.ru" "Mozilla/5.0 (Windows NT 10.0; WOW64; rv:56.0) Gecko/20100101 Firefox/56.0"
23.254.87.82 - - [07/Feb/2018:19:52:16 +0400] "GET /?q=user HTTP/1.1" 403 237 "http://online.sarinform.ru" "Mozilla/5.0 (Windows NT 10.0; WOW64; rv:56.0) Gecko/20100101 Firefox/56.0"
181.214.42.63 - - [07/Feb/2018:19:52:19 +0400] "GET /comment/reply/125366/57 HTTP/1.1" 200 8400 "-" "Mozilla/5.0 (X11; Ubuntu; Linux x86_64; rv:53.0) Gecko/20100101 Firefox/53.0"
139.194.178.150 - - [07/Feb/2018:19:52:19 +0400] "GET /question/141340 HTTP/1.1" 200 11365 "-" "Mozilla/4.0 (compatible; MSIE 7.0; Windows NT 6.1; WOW64; Trident/5.0; SLCC2; .NET CLR 2.0.50727; .NET CLR 3.5.30729; .NET CLR 3.0.30729; Media Center PC 6.0; .NET4.0C; .NET4.0E)"
62.210.111.1 - - [07/Feb/2018:19:52:22 +0400] "GET /node/add/question HTTP/1.1" 200 5923 "-" "Mozilla/5.0 (Windows NT 10.0; Win64; x64) AppleWebKit/537.36 (KHTML, like Gecko) Chrome/63.0.3239.84 Safari/537.36"
52.178.109.243 - - [07/Feb/2018:19:52:26 +0400] "GET /question/144249 HTTP/1.1" 200 36309 "-" "-"
52.178.109.243 - - [07/Feb/2018:19:52:26 +0400] "GET /question/144249 HTTP/1.1" 200 36340 "-" "-"
217.182.132.66 - - [07/Feb/2018:19:52:31 +0400] "GET /calendar/2019-09?page=15&mini=calendar%2F2018-03 HTTP/1.1" 200 9182 "-" "Mozilla/5.0 (compatible; AhrefsBot/5.2; +http://ahrefs.com/robot/)"
104.144.83.47 - - [07/Feb/2018:19:52:33 +0400] "GET /question/152703 HTTP/1.0" 403 247 "http://online.sarinform.ru/" "Mozilla/5.0 (Windows NT 10.0; Win64; x64) AppleWebKit/537.36 (KHTML, like Gecko) Chrome/63.0.3239.108 Safari/537.36"
104.144.83.47 - - [07/Feb/2018:19:52:34 +0400] "GET / HTTP/1.1" 403 237 "http://online.sarinform.ru" "Mozilla/5.0 (Windows NT 10.0; Win64; x64) AppleWebKit/537.36 (KHTML, like Gecko) Chrome/63.0.3239.108 Safari/537.36"
104.144.83.47 - - [07/Feb/2018:19:52:34 +0400] "GET /?q=node/add HTTP/1.1" 403 237 "http://online.sarinform.ru" "Mozilla/5.0 (Windows NT 10.0; Win64; x64) AppleWebKit/537.36 (KHTML, like Gecko) Chrome/63.0.3239.108 Safari/537.36"
104.144.83.47 - - [07/Feb/2018:19:52:34 +0400] "GET /?q=user/register HTTP/1.1" 403 237 "http://online.sarinform.ru/?q=node/add" "Mozilla/5.0 (Windows NT 10.0; Win64; x64) AppleWebKit/537.36 (KHTML, like Gecko) Chrome/63.0.3239.108 Safari/537.36"
192.227.205.183 - - [07/Feb/2018:19:52:42 +0400] "GET /?q=node/add HTTP/1.1" 200 7502 "http://online.sarinform.ru/" "Mozilla/5.0 (Windows NT 6.1; WOW64; Trident/7.0; rv:11.0) like Gecko"
192.227.205.183 - - [07/Feb/2018:19:52:42 +0400] "GET /?q=user HTTP/1.1" 200 7854 "http://online.sarinform.ru/" "Mozilla/5.0 (Windows NT 6.1; WOW64; Trident/7.0; rv:11.0) like Gecko"
192.227.205.183 - - [07/Feb/2018:19:52:43 +0400] "POST /?q=user HTTP/1.1" 200 7984 "http://online.sarinform.ru/?q=user" "Mozilla/5.0 (Windows NT 6.1; WOW64; Trident/7.0; rv:11.0) like Gecko"
